00:00 +0: loading D:/Ilham/Minum/minum/test/presentation/screens/home/main_hydration_view_test.dart
flutter : test/present
ation/screens/home/mai
n_hydration_view_test.
dart:87:15: Error: 
Type 
'NotificationModel' 
not found.
At line:1 char:1
+ flutter test test/pr
esentation/screens/hom
e/main_hydration_view_
test. ...
+ ~~~~~~~~~~~~~~~~~~~~
~~~~~~~~~~~~~~~~~~~~~~
~~~~~~~~~~~~~~~~~~~~~~
~~~~~
    + CategoryInfo    
          : NotSpeci  
  fied: (test/prese   
 ntati...del' not     
found.:String) []    
, RemoteException
    + FullyQualifiedE 
   rrorId : NativeCo  
  mmandError
 
  Future<List<Notifica
tionModel>> listSchedu
ledNotifications() 
async => [];
              
^^^^^^^^^^^^^^^^^
test/presentation/scre
ens/home/main_hydratio
n_view_test.dart:21:7:
 Error: The 
non-abstract class 
'MockUserProvider' is 
missing 
implementations for 
these members:
 - UserProvider.errorM
essage
 - UserProvider.fetchU
serProfile
 - UserProvider.isGues
tUser
 - UserProvider.listEq
uals
 - UserProvider.status
 - UserProvider.update
ActivityLevel
 - UserProvider.update
DailyGoal
 - UserProvider.update
DateOfBirth
 - UserProvider.update
FavoriteIntakeVolumes
 - UserProvider.update
Gender
 - UserProvider.update
HealthConditions
 - UserProvider.update
Height
 - UserProvider.update
PreferredUnit
 - UserProvider.update
SelectedWeather
 - UserProvider.update
UserProfile
 - UserProvider.update
Weight
Try to either
 - provide an 
implementation,
 - inherit an 
implementation from a 
superclass or mixin,
 - mark the class as 
abstract, or
 - provide a 
'noSuchMethod' 
implementation.
class 
MockUserProvider 
extends 
ChangeNotifier 
implements 
UserProvider {
      ^^^^^^^^^^^^^^^^
lib/src/presentation/p
roviders/user_provider
.dart:59:15: Context: 
'UserProvider.errorMes
sage' is defined here.
  String? get 
errorMessage => 
_errorMessage;
              
^^^^^^^^^^^^
lib/src/presentation/p
roviders/user_provider
.dart:347:16: 
Context: 'UserProvider
.fetchUserProfile' is 
defined here.
  Future<void> fetchUs
erProfile(String uid) 
async {
               
^^^^^^^^^^^^^^^^
lib/src/presentation/p
roviders/user_provider
.dart:62:12: Context: 
'UserProvider.isGuestU
ser' is defined here.
  bool get 
isGuestUser =>
           ^^^^^^^^^^^
lib/src/presentation/p
roviders/user_provider
.dart:655:8: Context: 
'UserProvider.listEqua
ls' is defined here.
  bool listEquals<T>(L
ist<T>? a, List<T>? 
b) {
       ^^^^^^^^^^
lib/src/presentation/p
roviders/user_provider
.dart:56:25: Context: 
'UserProvider.status' 
is defined here.
  UserProfileStatus 
get status => _status;
                      
  ^^^^^^
lib/src/presentation/p
roviders/user_provider
.dart:605:16: 
Context: 'UserProvider
.updateActivityLevel' 
is defined here.
  Future<void> updateA
ctivityLevel(ActivityL
evel? level) async {
               
^^^^^^^^^^^^^^^^^^^
lib/src/presentation/p
roviders/user_provider
.dart:528:16: 
Context: 'UserProvider
.updateDailyGoal' is 
defined here.
  Future<void> updateD
ailyGoal(double 
newGoalMl) async {
               
^^^^^^^^^^^^^^^
lib/src/presentation/p
roviders/user_provider
.dart:564:16: 
Context: 'UserProvider
.updateDateOfBirth' 
is defined here.
  Future<void> updateD
ateOfBirth(DateTime? 
newDob) async {
               
^^^^^^^^^^^^^^^^^
lib/src/presentation/p
roviders/user_provider
.dart:548:16: 
Context: 'UserProvider
.updateFavoriteIntakeV
olumes' is defined 
here.
  Future<void> updateF
avoriteIntakeVolumes(L
ist<String> 
newVolumes) async {
               ^^^^^^^
^^^^^^^^^^^^^^^^^^^^
lib/src/presentation/p
roviders/user_provider
.dart:574:16: 
Context: 'UserProvider
.updateGender' is 
defined here.
  Future<void> 
updateGender(Gender? 
newGender) async {
               
^^^^^^^^^^^^
lib/src/presentation/p
roviders/user_provider
.dart:616:16: 
Context: 'UserProvider
.updateHealthCondition
s' is defined here.
  Future<void> updateH
ealthConditions(
               
^^^^^^^^^^^^^^^^^^^^^^
lib/src/presentation/p
roviders/user_provider
.dart:584:16: 
Context: 'UserProvider
.updateHeight' is 
defined here.
  Future<void> 
updateHeight(double? 
newHeightCm) async {
               
^^^^^^^^^^^^
lib/src/presentation/p
roviders/user_provider
.dart:538:16: 
Context: 'UserProvider
.updatePreferredUnit' 
is defined here.
  Future<void> updateP
referredUnit(Measureme
ntUnit newUnit) async 
{
               
^^^^^^^^^^^^^^^^^^^
lib/src/presentation/p
roviders/user_provider
.dart:636:16: 
Context: 'UserProvider
.updateSelectedWeather
' is defined here.
  Future<void> updateS
electedWeather(Weather
Condition newWeather) 
async {
               
^^^^^^^^^^^^^^^^^^^^^
lib/src/presentation/p
roviders/user_provider
.dart:408:16: 
Context: 'UserProvider
.updateUserProfile' 
is defined here.
  Future<void> updateU
serProfile(UserModel 
updatedProfile) async 
{
               
^^^^^^^^^^^^^^^^^
lib/src/presentation/p
roviders/user_provider
.dart:594:16: 
Context: 'UserProvider
.updateWeight' is 
defined here.
  Future<void> 
updateWeight(double? 
newWeightKg) async {
               
^^^^^^^^^^^^
test/presentation/scre
ens/home/main_hydratio
n_view_test.dart:33:7:
 Error: The 
non-abstract class 'Mo
ckHydrationProvider' 
is missing 
implementations for 
these members:
 - HydrationProvider.g
etEntriesForDateRangeS
tream
 - HydrationProvider.u
pdateHydrationEntry
Try to either
 - provide an 
implementation,
 - inherit an 
implementation from a 
superclass or mixin,
 - mark the class as 
abstract, or
 - provide a 
'noSuchMethod' 
implementation.
class 
MockHydrationProvider 
extends ChangeNotifier
      
^^^^^^^^^^^^^^^^^^^^^
lib/src/presentation/p
roviders/hydration_pro
vider.dart:180:32: 
Context: 'HydrationPro
vider.getEntriesForDat
eRangeStream' is 
defined here.
  Stream<List<Hydratio
nEntry>> getEntriesFor
DateRangeStream(
                      
         ^^^^^^^^^^^^^
^^^^^^^^^^^^^^^
lib/src/presentation/p
roviders/hydration_pro
vider.dart:240:16: 
Context: 'HydrationPro
vider.updateHydrationE
ntry' is defined here.
  Future<void> updateH
ydrationEntry(Hydratio
nEntry entry) async {
               
^^^^^^^^^^^^^^^^^^^^
test/presentation/scre
ens/home/main_hydratio
n_view_test.dart:90:7:
 Error: The 
non-abstract class 'Mo
ckReminderSettingsNoti
fier' is missing 
implementations for 
these members:
 - ReminderSettingsNot
ifier.notifySettingsCh
anged
Try to either
 - provide an 
implementation,
 - inherit an 
implementation from a 
superclass or mixin,
 - mark the class as 
abstract, or
 - provide a 
'noSuchMethod' 
implementation.
class MockReminderSett
ingsNotifier extends 
ChangeNotifier
      ^^^^^^^^^^^^^^^^
^^^^^^^^^^^^
lib/src/presentation/p
roviders/reminder_sett
ings_notifier.dart:12:
8: Context: 'ReminderS
ettingsNotifier.notify
SettingsChanged' is 
defined here.
  void notifySettingsC
hanged() {
       
^^^^^^^^^^^^^^^^^^^^^
test/presentation/scre
ens/home/main_hydratio
n_view_test.dart:73:16
: Error: The method 'M
ockHydrationProvider.a
ddHydrationEntry' has 
fewer named arguments 
than those of 
overridden method 'Hyd
rationProvider.addHydr
ationEntry'.
  Future<void> addHydr
ationEntry(double 
amount, {String? 
source}) async {}
               ^
lib/src/presentation/p
roviders/hydration_pro
vider.dart:196:16: 
Context: This is the 
overridden method 
('addHydrationEntry').
  Future<void> addHydr
ationEntry(double 
amountMl,
               ^
test/presentation/scre
ens/home/main_hydratio
n_view_test.dart:73:16
: Error: The method 'M
ockHydrationProvider.a
ddHydrationEntry' 
doesn't have the 
named parameter 
'entryTime' of 
overridden method 'Hyd
rationProvider.addHydr
ationEntry'.
  Future<void> addHydr
ationEntry(double 
amount, {String? 
source}) async {}
               ^
lib/src/presentation/p
roviders/hydration_pro
vider.dart:196:16: 
Context: This is the 
overridden method 
('addHydrationEntry').
  Future<void> addHydr
ationEntry(double 
amountMl,
               ^
test/presentation/scre
ens/home/main_hydratio
n_view_test.dart:26:9:
 Error: No named 
parameter with the 
name 'name'.
        name: 'Test 
User',
        ^^^^
lib/src/data/models/us
er_model.dart:102:9: 
Context: Found this 
candidate, but the 
arguments don't match.
  const UserModel({
        ^^^^^^^^^
test/presentation/scre
ens/home/main_hydratio
n_view_test.dart:132:2
4: Error: Undefined 
name 'HydrationLogList
Item'.
    expect(find.byType
(HydrationLogListItem)
, findsWidgets);
                      
 ^^^^^^^^^^^^^^^^^^^^
00:00 +0 -1: loading D:/Ilham/Minum/minum/test/presentation/screens/home/main_hydration_view_test.dart [E]
  Failed to load "D:/Ilham/Minum/minum/test/presentation/screens/home/main_hydration_view_test.dart":
  Compilation failed for testPath=D:/Ilham/Minum/minum/test/presentation/screens/home/main_hydration_view_test.dart: test/presentation/screens/home/main_hydration_view_test.dart:87:15: Error: Type 'NotificationModel' not found.
    Future<List<NotificationModel>> listScheduledNotifications() async => [];
                ^^^^^^^^^^^^^^^^^
  test/presentation/screens/home/main_hydration_view_test.dart:21:7: Error: The non-abstract class 'MockUserProvider' is missing implementations for these members:
   - UserProvider.errorMessage
   - UserProvider.fetchUserProfile
   - UserProvider.isGuestUser
   - UserProvider.listEquals
   - UserProvider.status
   - UserProvider.updateActivityLevel
   - UserProvider.updateDailyGoal
   - UserProvider.updateDateOfBirth
   - UserProvider.updateFavoriteIntakeVolumes
   - UserProvider.updateGender
   - UserProvider.updateHealthConditions
   - UserProvider.updateHeight
   - UserProvider.updatePreferredUnit
   - UserProvider.updateSelectedWeather
   - UserProvider.updateUserProfile
   - UserProvider.updateWeight
  Try to either
   - provide an implementation,
   - inherit an implementation from a superclass or mixin,
   - mark the class as abstract, or
   - provide a 'noSuchMethod' implementation.
  class MockUserProvider extends ChangeNotifier implements UserProvider {
        ^^^^^^^^^^^^^^^^
  lib/src/presentation/providers/user_provider.dart:59:15: Context: 'UserProvider.errorMessage' is defined here.
    String? get errorMessage => _errorMessage;
                ^^^^^^^^^^^^
  lib/src/presentation/providers/user_provider.dart:347:16: Context: 'UserProvider.fetchUserProfile' is defined here.
    Future<void> fetchUserProfile(String uid) async {
                 ^^^^^^^^^^^^^^^^
  lib/src/presentation/providers/user_provider.dart:62:12: Context: 'UserProvider.isGuestUser' is defined here.
    bool get isGuestUser =>
             ^^^^^^^^^^^
  lib/src/presentation/providers/user_provider.dart:655:8: Context: 'UserProvider.listEquals' is defined here.
    bool listEquals<T>(List<T>? a, List<T>? b) {
         ^^^^^^^^^^
  lib/src/presentation/providers/user_provider.dart:56:25: Context: 'UserProvider.status' is defined here.
    UserProfileStatus get status => _status;
                          ^^^^^^
  lib/src/presentation/providers/user_provider.dart:605:16: Context: 'UserProvider.updateActivityLevel' is defined here.
    Future<void> updateActivityLevel(ActivityLevel? level) async {
                 ^^^^^^^^^^^^^^^^^^^
  lib/src/presentation/providers/user_provider.dart:528:16: Context: 'UserProvider.updateDailyGoal' is defined here.
    Future<void> updateDailyGoal(double newGoalMl) async {
                 ^^^^^^^^^^^^^^^
  lib/src/presentation/providers/user_provider.dart:564:16: Context: 'UserProvider.updateDateOfBirth' is defined here.
    Future<void> updateDateOfBirth(DateTime? newDob) async {
                 ^^^^^^^^^^^^^^^^^
  lib/src/presentation/providers/user_provider.dart:548:16: Context: 'UserProvider.updateFavoriteIntakeVolumes' is defined here.
    Future<void> updateFavoriteIntakeVolumes(List<String> newVolumes) async {
                 ^^^^^^^^^^^^^^^^^^^^^^^^^^^
  lib/src/presentation/providers/user_provider.dart:574:16: Context: 'UserProvider.updateGender' is defined here.
    Future<void> updateGender(Gender? newGender) async {
                 ^^^^^^^^^^^^
  lib/src/presentation/providers/user_provider.dart:616:16: Context: 'UserProvider.updateHealthConditions' is defined here.
    Future<void> updateHealthConditions(
                 ^^^^^^^^^^^^^^^^^^^^^^
  lib/src/presentation/providers/user_provider.dart:584:16: Context: 'UserProvider.updateHeight' is defined here.
    Future<void> updateHeight(double? newHeightCm) async {
                 ^^^^^^^^^^^^
  lib/src/presentation/providers/user_provider.dart:538:16: Context: 'UserProvider.updatePreferredUnit' is defined here.
    Future<void> updatePreferredUnit(MeasurementUnit newUnit) async {
                 ^^^^^^^^^^^^^^^^^^^
  lib/src/presentation/providers/user_provider.dart:636:16: Context: 'UserProvider.updateSelectedWeather' is defined here.
    Future<void> updateSelectedWeather(WeatherCondition newWeather) async {
                 ^^^^^^^^^^^^^^^^^^^^^
  lib/src/presentation/providers/user_provider.dart:408:16: Context: 'UserProvider.updateUserProfile' is defined here.
    Future<void> updateUserProfile(UserModel updatedProfile) async {
                 ^^^^^^^^^^^^^^^^^
  lib/src/presentation/providers/user_provider.dart:594:16: Context: 'UserProvider.updateWeight' is defined here.
    Future<void> updateWeight(double? newWeightKg) async {
                 ^^^^^^^^^^^^
  test/presentation/screens/home/main_hydration_view_test.dart:33:7: Error: The non-abstract class 'MockHydrationProvider' is missing implementations for these members:
   - HydrationProvider.getEntriesForDateRangeStream
   - HydrationProvider.updateHydrationEntry
  Try to either
   - provide an implementation,
   - inherit an implementation from a superclass or mixin,
   - mark the class as abstract, or
   - provide a 'noSuchMethod' implementation.
  class MockHydrationProvider extends ChangeNotifier
        ^^^^^^^^^^^^^^^^^^^^^
  lib/src/presentation/providers/hydration_provider.dart:180:32: Context: 'HydrationProvider.getEntriesForDateRangeStream' is defined here.
    Stream<List<HydrationEntry>> getEntriesForDateRangeStream(
                                 ^^^^^^^^^^^^^^^^^^^^^^^^^^^^
  lib/src/presentation/providers/hydration_provider.dart:240:16: Context: 'HydrationProvider.updateHydrationEntry' is defined here.
    Future<void> updateHydrationEntry(HydrationEntry entry) async {
                 ^^^^^^^^^^^^^^^^^^^^
  test/presentation/screens/home/main_hydration_view_test.dart:90:7: Error: The non-abstract class 'MockReminderSettingsNotifier' is missing implementations for these members:
   - ReminderSettingsNotifier.notifySettingsChanged
  Try to either
   - provide an implementation,
   - inherit an implementation from a superclass or mixin,
   - mark the class as abstract, or
   - provide a 'noSuchMethod' implementation.
  class MockReminderSettingsNotifier extends ChangeNotifier
        ^^^^^^^^^^^^^^^^^^^^^^^^^^^^
  lib/src/presentation/providers/reminder_settings_notifier.dart:12:8: Context: 'ReminderSettingsNotifier.notifySettingsChanged' is defined here.
    void notifySettingsChanged() {
         ^^^^^^^^^^^^^^^^^^^^^
  test/presentation/screens/home/main_hydration_view_test.dart:73:16: Error: The method 'MockHydrationProvider.addHydrationEntry' has fewer named arguments than those of overridden method 'HydrationProvider.addHydrationEntry'.
    Future<void> addHydrationEntry(double amount, {String? source}) async {}
                 ^
  lib/src/presentation/providers/hydration_provider.dart:196:16: Context: This is the overridden method ('addHydrationEntry').
    Future<void> addHydrationEntry(double amountMl,
                 ^
  test/presentation/screens/home/main_hydration_view_test.dart:73:16: Error: The method 'MockHydrationProvider.addHydrationEntry' doesn't have the named parameter 'entryTime' of overridden method 'HydrationProvider.addHydrationEntry'.
    Future<void> addHydrationEntry(double amount, {String? source}) async {}
                 ^
  lib/src/presentation/providers/hydration_provider.dart:196:16: Context: This is the overridden method ('addHydrationEntry').
    Future<void> addHydrationEntry(double amountMl,
                 ^
  test/presentation/screens/home/main_hydration_view_test.dart:26:9: Error: No named parameter with the name 'name'.
          name: 'Test User',
          ^^^^
  lib/src/data/models/user_model.dart:102:9: Context: Found this candidate, but the arguments don't match.
    const UserModel({
          ^^^^^^^^^
  test/presentation/screens/home/main_hydration_view_test.dart:132:24: Error: Undefined name 'HydrationLogListItem'.
      expect(find.byType(HydrationLogListItem), findsWidgets);
                         ^^^^^^^^^^^^^^^^^^^^
  .
00:00 +0 -1: Some tests failed.
